// Jest Snapshot v1, https://goo.gl/fbAQLP

exports[`BalanceSheet renders BalanceSheet component 1`] = `
<div
  class="data"
>
  <h2>
    Balance Sheet
  </h2>
  <div
    class="button-container"
  >
    <button
      class="button button-active"
    >
      Annual
    </button>
    <button
      class="button "
    >
      Quarterly
    </button>
  </div>
  <table>
    <thead>
      <tr>
        <th>
          Breakdown
        </th>
        <th>
          2022-12-31
        </th>
        <th>
          2021-12-31
        </th>
      </tr>
    </thead>
    <tbody>
      <tr>
        <td>
          fiscalDateEnding
        </td>
        <td>
          2022-12-31
        </td>
        <td>
          2021-12-31
        </td>
      </tr>
      <tr>
        <td>
          reportedCurrency
        </td>
        <td>
          USD
        </td>
        <td>
          USD
        </td>
      </tr>
      <tr>
        <td>
          totalAssets
        </td>
        <td>
          127243000000
        </td>
        <td>
          132001000000
        </td>
      </tr>
      <tr>
        <td>
          totalCurrentAssets
        </td>
        <td>
          29118000000
        </td>
        <td>
          29539000000
        </td>
      </tr>
      <tr>
        <td>
          cashAndCashEquivalentsAtCarryingValue
        </td>
        <td>
          7886000000
        </td>
        <td>
          6650000000
        </td>
      </tr>
      <tr>
        <td>
          cashAndShortTermInvestments
        </td>
        <td>
          7886000000
        </td>
        <td>
          6650000000
        </td>
      </tr>
      <tr>
        <td>
          inventory
        </td>
        <td>
          1552000000
        </td>
        <td>
          1649000000
        </td>
      </tr>
      <tr>
        <td>
          currentNetReceivables
        </td>
        <td>
          14209000000
        </td>
        <td>
          14977000000
        </td>
      </tr>
      <tr>
        <td>
          totalNonCurrentAssets
        </td>
        <td>
          96874000000
        </td>
        <td>
          101786000000
        </td>
      </tr>
      <tr>
        <td>
          propertyPlantEquipment
        </td>
        <td>
          5334000000
        </td>
        <td>
          5694000000
        </td>
      </tr>
      <tr>
        <td>
          accumulatedDepreciationAmortizationPPE
        </td>
        <td>
          13361000000
        </td>
        <td>
          14390000000
        </td>
      </tr>
      <tr>
        <td>
          intangibleAssets
        </td>
        <td>
          67133000000
        </td>
        <td>
          68154000000
        </td>
      </tr>
      <tr>
        <td>
          intangibleAssetsExcludingGoodwill
        </td>
        <td>
          11184000000
        </td>
        <td>
          12511000000
        </td>
      </tr>
      <tr>
        <td>
          goodwill
        </td>
        <td>
          55949000000
        </td>
        <td>
          55643000000
        </td>
      </tr>
      <tr>
        <td>
          investments
        </td>
        <td>
          None
        </td>
        <td>
          199000000
        </td>
      </tr>
      <tr>
        <td>
          longTermInvestments
        </td>
        <td>
          142000000
        </td>
        <td>
          159000000
        </td>
      </tr>
      <tr>
        <td>
          shortTermInvestments
        </td>
        <td>
          852000000
        </td>
        <td>
          600000000
        </td>
      </tr>
      <tr>
        <td>
          otherCurrentAssets
        </td>
        <td>
          2610000000
        </td>
        <td>
          5663000000
        </td>
      </tr>
      <tr>
        <td>
          otherNonCurrentAssets
        </td>
        <td>
          None
        </td>
        <td>
          None
        </td>
      </tr>
      <tr>
        <td>
          totalLiabilities
        </td>
        <td>
          105222000000
        </td>
        <td>
          113005000000
        </td>
      </tr>
      <tr>
        <td>
          totalCurrentLiabilities
        </td>
        <td>
          31505000000
        </td>
        <td>
          33619000000
        </td>
      </tr>
      <tr>
        <td>
          currentAccountsPayable
        </td>
        <td>
          4051000000
        </td>
        <td>
          3955000000
        </td>
      </tr>
      <tr>
        <td>
          deferredRevenue
        </td>
        <td>
          15531000000
        </td>
        <td>
          16095000000
        </td>
      </tr>
      <tr>
        <td>
          currentDebt
        </td>
        <td>
          9511000000
        </td>
        <td>
          13551000000
        </td>
      </tr>
      <tr>
        <td>
          shortTermDebt
        </td>
        <td>
          4760000000
        </td>
        <td>
          6787000000
        </td>
      </tr>
      <tr>
        <td>
          totalNonCurrentLiabilities
        </td>
        <td>
          83414000000
        </td>
        <td>
          90188000000
        </td>
      </tr>
      <tr>
        <td>
          capitalLeaseObligations
        </td>
        <td>
          164000000
        </td>
        <td>
          63000000
        </td>
      </tr>
      <tr>
        <td>
          longTermDebt
        </td>
        <td>
          47190000000
        </td>
        <td>
          56193000000
        </td>
      </tr>
      <tr>
        <td>
          currentLongTermDebt
        </td>
        <td>
          4676000000
        </td>
        <td>
          6728000000
        </td>
      </tr>
      <tr>
        <td>
          longTermDebtNoncurrent
        </td>
        <td>
          46189000000
        </td>
        <td>
          44917000000
        </td>
      </tr>
      <tr>
        <td>
          shortLongTermDebtTotal
        </td>
        <td>
          107759000000
        </td>
        <td>
          110496000000
        </td>
      </tr>
      <tr>
        <td>
          otherCurrentLiabilities
        </td>
        <td>
          9788000000
        </td>
        <td>
          9386000000
        </td>
      </tr>
      <tr>
        <td>
          otherNonCurrentLiabilities
        </td>
        <td>
          12243000000
        </td>
        <td>
          13996000000
        </td>
      </tr>
      <tr>
        <td>
          totalShareholderEquity
        </td>
        <td>
          21944000000
        </td>
        <td>
          18901000000
        </td>
      </tr>
      <tr>
        <td>
          treasuryStock
        </td>
        <td>
          169484000000
        </td>
        <td>
          169392000000
        </td>
      </tr>
      <tr>
        <td>
          retainedEarnings
        </td>
        <td>
          149825000000
        </td>
        <td>
          154209000000
        </td>
      </tr>
      <tr>
        <td>
          commonStock
        </td>
        <td>
          58343000000
        </td>
        <td>
          57319000000
        </td>
      </tr>
      <tr>
        <td>
          commonStockSharesOutstanding
        </td>
        <td>
          906091977
        </td>
        <td>
          898068600
        </td>
      </tr>
    </tbody>
  </table>
</div>
`;
