// Jest Snapshot v1, https://goo.gl/fbAQLP

exports[`Data renders Data component 1`] = `
<div
  class="data"
>
  <h2>
    Income Statement
  </h2>
  <div
    class="button-container"
  >
    <button
      class="button button-active"
    >
      Annual
    </button>
    <button
      class="button "
    >
      Quarterly
    </button>
  </div>
  <table>
    <thead>
      <tr>
        <th>
          Breakdown
        </th>
        <th>
          2022-12-31
        </th>
        <th>
          2021-12-31
        </th>
        <th>
          2020-12-31
        </th>
      </tr>
    </thead>
    <tbody>
      <tr>
        <td>
          fiscalDateEnding
        </td>
        <td>
          2022-12-31
        </td>
        <td>
          2021-12-31
        </td>
        <td>
          2020-12-31
        </td>
      </tr>
      <tr>
        <td>
          reportedCurrency
        </td>
        <td>
          USD
        </td>
        <td>
          USD
        </td>
        <td>
          USD
        </td>
      </tr>
      <tr>
        <td>
          grossProfit
        </td>
        <td>
          32687000000
        </td>
        <td>
          31486000000
        </td>
        <td>
          30865000000
        </td>
      </tr>
      <tr>
        <td>
          totalRevenue
        </td>
        <td>
          60530000000
        </td>
        <td>
          57350000000
        </td>
        <td>
          55179000000
        </td>
      </tr>
      <tr>
        <td>
          costOfRevenue
        </td>
        <td>
          27842000000
        </td>
        <td>
          25865000000
        </td>
        <td>
          24314000000
        </td>
      </tr>
      <tr>
        <td>
          costofGoodsAndServicesSold
        </td>
        <td>
          385000000
        </td>
        <td>
          300000000
        </td>
        <td>
          439000000
        </td>
      </tr>
      <tr>
        <td>
          operatingIncome
        </td>
        <td>
          6408000000
        </td>
        <td>
          4786000000
        </td>
        <td>
          4609000000
        </td>
      </tr>
      <tr>
        <td>
          sellingGeneralAndAdministrative
        </td>
        <td>
          18609000000
        </td>
        <td>
          18745000000
        </td>
        <td>
          20561000000
        </td>
      </tr>
      <tr>
        <td>
          researchAndDevelopment
        </td>
        <td>
          6567000000
        </td>
        <td>
          6488000000
        </td>
        <td>
          6262000000
        </td>
      </tr>
      <tr>
        <td>
          operatingExpenses
        </td>
        <td>
          26279000000
        </td>
        <td>
          26700000000
        </td>
        <td>
          30966000000
        </td>
      </tr>
      <tr>
        <td>
          investmentIncomeNet
        </td>
        <td>
          None
        </td>
        <td>
          None
        </td>
        <td>
          None
        </td>
      </tr>
      <tr>
        <td>
          netInterestIncome
        </td>
        <td>
          -1216000000
        </td>
        <td>
          -1155000000
        </td>
        <td>
          -1288000000
        </td>
      </tr>
      <tr>
        <td>
          interestIncome
        </td>
        <td>
          162000000
        </td>
        <td>
          52000000
        </td>
        <td>
          105000000
        </td>
      </tr>
      <tr>
        <td>
          interestExpense
        </td>
        <td>
          1216000000
        </td>
        <td>
          1155000000
        </td>
        <td>
          1288000000
        </td>
      </tr>
      <tr>
        <td>
          nonInterestIncome
        </td>
        <td>
          365000000
        </td>
        <td>
          337000000
        </td>
        <td>
          -92000000
        </td>
      </tr>
      <tr>
        <td>
          otherNonOperatingIncome
        </td>
        <td>
          443000000
        </td>
        <td>
          225000000
        </td>
        <td>
          156000000
        </td>
      </tr>
      <tr>
        <td>
          depreciation
        </td>
        <td>
          2407000000
        </td>
        <td>
          3888000000
        </td>
        <td>
          4227000000
        </td>
      </tr>
      <tr>
        <td>
          depreciationAndAmortization
        </td>
        <td>
          2395000000
        </td>
        <td>
          2529000000
        </td>
        <td>
          2468000000
        </td>
      </tr>
      <tr>
        <td>
          incomeBeforeTax
        </td>
        <td>
          1013000000
        </td>
        <td>
          5867000000
        </td>
        <td>
          4230000000
        </td>
      </tr>
      <tr>
        <td>
          incomeTaxExpense
        </td>
        <td>
          -626000000
        </td>
        <td>
          124000000
        </td>
        <td>
          -1360000000
        </td>
      </tr>
      <tr>
        <td>
          interestAndDebtExpense
        </td>
        <td>
          1216000000
        </td>
        <td>
          1155000000
        </td>
        <td>
          1288000000
        </td>
      </tr>
      <tr>
        <td>
          netIncomeFromContinuingOperations
        </td>
        <td>
          1783000000
        </td>
        <td>
          4712000000
        </td>
        <td>
          3932000000
        </td>
      </tr>
      <tr>
        <td>
          comprehensiveIncomeNetOfTax
        </td>
        <td>
          8134000000
        </td>
        <td>
          10582000000
        </td>
        <td>
          4850000000
        </td>
      </tr>
      <tr>
        <td>
          ebit
        </td>
        <td>
          2229000000
        </td>
        <td>
          7022000000
        </td>
        <td>
          5518000000
        </td>
      </tr>
      <tr>
        <td>
          ebitda
        </td>
        <td>
          4624000000
        </td>
        <td>
          9551000000
        </td>
        <td>
          7986000000
        </td>
      </tr>
      <tr>
        <td>
          netIncome
        </td>
        <td>
          1639000000
        </td>
        <td>
          5743000000
        </td>
        <td>
          5590000000
        </td>
      </tr>
    </tbody>
  </table>
</div>
`;
